1789716900.000876 client started (2187777): version 3.4, socket /tmp/tmux-1008/default, protocol 8
1789716900.000945 on Linux 7.0.0-28-generic #28~24.04.1-Ubuntu SMP PREEMPT_DYNAMIC Wed Jul  1 15:50:57 UTC 2
1789716900.000960 using libevent 2.1.12-stable poll
1789716900.000969 using ncurses 6.4 20240113
1789716900.001008 flags are 0x18010000
1789716900.001041 socket is /tmp/tmux-1008/default
1789716900.001071 trying connect
1789716900.001118 connect failed: No such file or directory
1789716900.001145 lock file is /tmp/tmux-1008/default.lock
1789716900.001233 flock succeeded
1789716900.001252 got lock (6)
1789716900.001272 trying connect
1789716900.001294 connect failed: No such file or directory
1789716900.001926 add peer 0x60e080031e00: 7 ((nil))
1789716900.002265 sending message 100 to peer 0x60e080031e00 (4 bytes)
1789716900.002272 sending message 111 to peer 0x60e080031e00 (8 bytes)
1789716900.002275 sending message 101 to peer 0x60e080031e00 (15 bytes)
1789716900.002277 sending message 109 to peer 0x60e080031e00 (4 bytes)
1789716900.002279 sending message 102 to peer 0x60e080031e00 (11 bytes)
1789716900.002280 sending message 108 to peer 0x60e080031e00 (22 bytes)
1789716900.002282 sending message 112 to peer 0x60e080031e00 (58 bytes)
1789716900.002284 sending message 112 to peer 0x60e080031e00 (5 bytes)
1789716900.002285 sending message 112 to peer 0x60e080031e00 (5 bytes)
1789716900.002287 sending message 112 to peer 0x60e080031e00 (6 bytes)
1789716900.002288 sending message 112 to peer 0x60e080031e00 (6 bytes)
1789716900.002290 sending message 112 to peer 0x60e080031e00 (11 bytes)
1789716900.002292 sending message 112 to peer 0x60e080031e00 (10 bytes)
1789716900.002293 sending message 112 to peer 0x60e080031e00 (13 bytes)
1789716900.002295 sending message 112 to peer 0x60e080031e00 (14 bytes)
1789716900.002297 sending message 112 to peer 0x60e080031e00 (19 bytes)
1789716900.002298 sending message 112 to peer 0x60e080031e00 (11 bytes)
1789716900.002300 sending message 112 to peer 0x60e080031e00 (10 bytes)
1789716900.002302 sending message 112 to peer 0x60e080031e00 (15 bytes)
1789716900.002304 sending message 112 to peer 0x60e080031e00 (21 bytes)
1789716900.002306 sending message 112 to peer 0x60e080031e00 (13 bytes)
1789716900.002307 sending message 112 to peer 0x60e080031e00 (7 bytes)
1789716900.002309 sending message 112 to peer 0x60e080031e00 (13 bytes)
1789716900.002311 sending message 112 to peer 0x60e080031e00 (7 bytes)
1789716900.002312 sending message 112 to peer 0x60e080031e00 (13 bytes)
1789716900.002314 sending message 112 to peer 0x60e080031e00 (9 bytes)
1789716900.002315 sending message 112 to peer 0x60e080031e00 (21 bytes)
1789716900.002317 sending message 112 to peer 0x60e080031e00 (13 bytes)
1789716900.002319 sending message 112 to peer 0x60e080031e00 (9 bytes)
1789716900.002321 sending message 112 to peer 0x60e080031e00 (16 bytes)
1789716900.002322 sending message 112 to peer 0x60e080031e00 (13 bytes)
1789716900.002324 sending message 112 to peer 0x60e080031e00 (9 bytes)
1789716900.002325 sending message 112 to peer 0x60e080031e00 (9 bytes)
1789716900.002327 sending message 112 to peer 0x60e080031e00 (12 bytes)
1789716900.002328 sending message 112 to peer 0x60e080031e00 (8 bytes)
1789716900.002331 sending message 112 to peer 0x60e080031e00 (8 bytes)
1789716900.002332 sending message 112 to peer 0x60e080031e00 (13 bytes)
1789716900.002334 sending message 112 to peer 0x60e080031e00 (7 bytes)
1789716900.002335 sending message 112 to peer 0x60e080031e00 (7 bytes)
1789716900.002338 sending message 112 to peer 0x60e080031e00 (9 bytes)
1789716900.002340 sending message 112 to peer 0x60e080031e00 (9 bytes)
1789716900.002342 sending message 112 to peer 0x60e080031e00 (15 bytes)
1789716900.002347 sending message 112 to peer 0x60e080031e00 (13 bytes)
1789716900.002350 sending message 112 to peer 0x60e080031e00 (12 bytes)
1789716900.002353 sending message 112 to peer 0x60e080031e00 (8 bytes)
1789716900.002354 sending message 112 to peer 0x60e080031e00 (14 bytes)
1789716900.002357 sending message 112 to peer 0x60e080031e00 (11 bytes)
1789716900.002363 sending message 112 to peer 0x60e080031e00 (9 bytes)
1789716900.002365 sending message 112 to peer 0x60e080031e00 (10 bytes)
1789716900.002367 sending message 112 to peer 0x60e080031e00 (10 bytes)
1789716900.002370 sending message 112 to peer 0x60e080031e00 (10 bytes)
1789716900.002372 sending message 112 to peer 0x60e080031e00 (10 bytes)
1789716900.002374 sending message 112 to peer 0x60e080031e00 (11 bytes)
1789716900.002376 sending message 112 to peer 0x60e080031e00 (12 bytes)
1789716900.002378 sending message 112 to peer 0x60e080031e00 (12 bytes)
1789716900.002380 sending message 112 to peer 0x60e080031e00 (12 bytes)
1789716900.002382 sending message 112 to peer 0x60e080031e00 (12 bytes)
1789716900.002384 sending message 112 to peer 0x60e080031e00 (12 bytes)
1789716900.002386 sending message 112 to peer 0x60e080031e00 (11 bytes)
1789716900.002388 sending message 112 to peer 0x60e080031e00 (11 bytes)
1789716900.002389 sending message 112 to peer 0x60e080031e00 (12 bytes)
1789716900.002392 sending message 112 to peer 0x60e080031e00 (12 bytes)
1789716900.002394 sending message 112 to peer 0x60e080031e00 (12 bytes)
1789716900.002396 sending message 112 to peer 0x60e080031e00 (12 bytes)
1789716900.002398 sending message 112 to peer 0x60e080031e00 (12 bytes)
1789716900.002400 sending message 112 to peer 0x60e080031e00 (9 bytes)
1789716900.002402 sending message 112 to peer 0x60e080031e00 (12 bytes)
1789716900.002404 sending message 112 to peer 0x60e080031e00 (13 bytes)
1789716900.002406 sending message 112 to peer 0x60e080031e00 (13 bytes)
1789716900.002408 sending message 112 to peer 0x60e080031e00 (13 bytes)
1789716900.002410 sending message 112 to peer 0x60e080031e00 (13 bytes)
1789716900.002413 sending message 112 to peer 0x60e080031e00 (13 bytes)
1789716900.002415 sending message 112 to peer 0x60e080031e00 (8 bytes)
1789716900.002417 sending message 112 to peer 0x60e080031e00 (11 bytes)
1789716900.002419 sending message 112 to peer 0x60e080031e00 (11 bytes)
1789716900.002422 sending message 112 to peer 0x60e080031e00 (11 bytes)
1789716900.002424 sending message 112 to peer 0x60e080031e00 (12 bytes)
1789716900.002426 sending message 112 to peer 0x60e080031e00 (12 bytes)
1789716900.002428 sending message 112 to peer 0x60e080031e00 (12 bytes)
1789716900.002430 sending message 112 to peer 0x60e080031e00 (12 bytes)
1789716900.002432 sending message 112 to peer 0x60e080031e00 (13 bytes)
1789716900.002435 sending message 112 to peer 0x60e080031e00 (13 bytes)
1789716900.002436 sending message 112 to peer 0x60e080031e00 (13 bytes)
1789716900.002439 sending message 112 to peer 0x60e080031e00 (8 bytes)
1789716900.002440 sending message 112 to peer 0x60e080031e00 (13 bytes)
1789716900.002442 sending message 112 to peer 0x60e080031e00 (13 bytes)
1789716900.002445 sending message 112 to peer 0x60e080031e00 (13 bytes)
1789716900.002447 sending message 112 to peer 0x60e080031e00 (13 bytes)
1789716900.002449 sending message 112 to peer 0x60e080031e00 (13 bytes)
1789716900.002451 sending message 112 to peer 0x60e080031e00 (12 bytes)
1789716900.002452 sending message 112 to peer 0x60e080031e00 (12 bytes)
1789716900.002455 sending message 112 to peer 0x60e080031e00 (12 bytes)
1789716900.002457 sending message 112 to peer 0x60e080031e00 (12 bytes)
1789716900.002458 sending message 112 to peer 0x60e080031e00 (13 bytes)
1789716900.002460 sending message 112 to peer 0x60e080031e00 (8 bytes)
1789716900.002462 sending message 112 to peer 0x60e080031e00 (13 bytes)
1789716900.002464 sending message 112 to peer 0x60e080031e00 (13 bytes)
1789716900.002467 sending message 112 to peer 0x60e080031e00 (13 bytes)
1789716900.002468 sending message 112 to peer 0x60e080031e00 (13 bytes)
1789716900.002471 sending message 112 to peer 0x60e080031e00 (13 bytes)
1789716900.002472 sending message 112 to peer 0x60e080031e00 (13 bytes)
1789716900.002475 sending message 112 to peer 0x60e080031e00 (13 bytes)
1789716900.002476 sending message 112 to peer 0x60e080031e00 (12 bytes)
1789716900.002478 sending message 112 to peer 0x60e080031e00 (12 bytes)
1789716900.002482 sending message 112 to peer 0x60e080031e00 (12 bytes)
1789716900.002485 sending message 112 to peer 0x60e080031e00 (8 bytes)
1789716900.002486 sending message 112 to peer 0x60e080031e00 (12 bytes)
1789716900.002489 sending message 112 to peer 0x60e080031e00 (13 bytes)
1789716900.002490 sending message 112 to peer 0x60e080031e00 (13 bytes)
1789716900.002493 sending message 112 to peer 0x60e080031e00 (13 bytes)
1789716900.002494 sending message 112 to peer 0x60e080031e00 (13 bytes)
1789716900.002496 sending message 112 to peer 0x60e080031e00 (13 bytes)
1789716900.002499 sending message 112 to peer 0x60e080031e00 (13 bytes)
1789716900.002501 sending message 112 to peer 0x60e080031e00 (13 bytes)
1789716900.002503 sending message 112 to peer 0x60e080031e00 (13 bytes)
1789716900.002505 sending message 112 to peer 0x60e080031e00 (12 bytes)
1789716900.002507 sending message 112 to peer 0x60e080031e00 (10 bytes)
1789716900.002509 sending message 112 to peer 0x60e080031e00 (12 bytes)
1789716900.002511 sending message 112 to peer 0x60e080031e00 (12 bytes)
1789716900.002513 sending message 112 to peer 0x60e080031e00 (12 bytes)
1789716900.002515 sending message 112 to peer 0x60e080031e00 (13 bytes)
1789716900.002517 sending message 112 to peer 0x60e080031e00 (13 bytes)
1789716900.002519 sending message 112 to peer 0x60e080031e00 (13 bytes)
1789716900.002521 sending message 112 to peer 0x60e080031e00 (13 bytes)
1789716900.002523 sending message 112 to peer 0x60e080031e00 (13 bytes)
1789716900.002526 sending message 112 to peer 0x60e080031e00 (13 bytes)
1789716900.002528 sending message 112 to peer 0x60e080031e00 (13 bytes)
1789716900.002530 sending message 112 to peer 0x60e080031e00 (10 bytes)
1789716900.002532 sending message 112 to peer 0x60e080031e00 (13 bytes)
1789716900.002534 sending message 112 to peer 0x60e080031e00 (12 bytes)
1789716900.002536 sending message 112 to peer 0x60e080031e00 (12 bytes)
1789716900.002538 sending message 112 to peer 0x60e080031e00 (12 bytes)
1789716900.002540 sending message 112 to peer 0x60e080031e00 (10 bytes)
1789716900.002542 sending message 112 to peer 0x60e080031e00 (10 bytes)
1789716900.002544 sending message 112 to peer 0x60e080031e00 (10 bytes)
1789716900.002546 sending message 112 to peer 0x60e080031e00 (12 bytes)
1789716900.002548 sending message 112 to peer 0x60e080031e00 (13 bytes)
1789716900.002550 sending message 112 to peer 0x60e080031e00 (13 bytes)
1789716900.002552 sending message 112 to peer 0x60e080031e00 (13 bytes)
1789716900.002554 sending message 112 to peer 0x60e080031e00 (13 bytes)
1789716900.002556 sending message 112 to peer 0x60e080031e00 (13 bytes)
1789716900.002558 sending message 112 to peer 0x60e080031e00 (10 bytes)
1789716900.002560 sending message 112 to peer 0x60e080031e00 (11 bytes)
1789716900.002561 sending message 112 to peer 0x60e080031e00 (12 bytes)
1789716900.002564 sending message 112 to peer 0x60e080031e00 (12 bytes)
1789716900.002566 sending message 112 to peer 0x60e080031e00 (12 bytes)
1789716900.002568 sending message 112 to peer 0x60e080031e00 (12 bytes)
1789716900.002570 sending message 112 to peer 0x60e080031e00 (12 bytes)
1789716900.002572 sending message 112 to peer 0x60e080031e00 (11 bytes)
1789716900.002574 sending message 112 to peer 0x60e080031e00 (12 bytes)
1789716900.002576 sending message 112 to peer 0x60e080031e00 (12 bytes)
1789716900.002578 sending message 112 to peer 0x60e080031e00 (13 bytes)
1789716900.002580 sending message 112 to peer 0x60e080031e00 (13 bytes)
1789716900.002582 sending message 112 to peer 0x60e080031e00 (13 bytes)
1789716900.002584 sending message 112 to peer 0x60e080031e00 (13 bytes)
1789716900.002586 sending message 112 to peer 0x60e080031e00 (13 bytes)
1789716900.002587 sending message 112 to peer 0x60e080031e00 (10 bytes)
1789716900.002590 sending message 112 to peer 0x60e080031e00 (9 bytes)
1789716900.002591 sending message 112 to peer 0x60e080031e00 (12 bytes)
1789716900.002594 sending message 112 to peer 0x60e080031e00 (13 bytes)
1789716900.002596 sending message 112 to peer 0x60e080031e00 (13 bytes)
1789716900.002599 sending message 112 to peer 0x60e080031e00 (13 bytes)
1789716900.002601 sending message 112 to peer 0x60e080031e00 (13 bytes)
1789716900.002603 sending message 112 to peer 0x60e080031e00 (13 bytes)
1789716900.002605 sending message 112 to peer 0x60e080031e00 (9 bytes)
1789716900.002608 sending message 112 to peer 0x60e080031e00 (12 bytes)
1789716900.002610 sending message 112 to peer 0x60e080031e00 (13 bytes)
1789716900.002612 sending message 112 to peer 0x60e080031e00 (13 bytes)
1789716900.002614 sending message 112 to peer 0x60e080031e00 (13 bytes)
1789716900.002616 sending message 112 to peer 0x60e080031e00 (13 bytes)
1789716900.002618 sending message 112 to peer 0x60e080031e00 (13 bytes)
1789716900.002620 sending message 112 to peer 0x60e080031e00 (11 bytes)
1789716900.002622 sending message 112 to peer 0x60e080031e00 (12 bytes)
1789716900.002624 sending message 112 to peer 0x60e080031e00 (13 bytes)
1789716900.002626 sending message 112 to peer 0x60e080031e00 (13 bytes)
1789716900.002628 sending message 112 to peer 0x60e080031e00 (13 bytes)
1789716900.002630 sending message 112 to peer 0x60e080031e00 (13 bytes)
1789716900.002632 sending message 112 to peer 0x60e080031e00 (13 bytes)
1789716900.002634 sending message 112 to peer 0x60e080031e00 (11 bytes)
1789716900.002636 sending message 112 to peer 0x60e080031e00 (12 bytes)
1789716900.002638 sending message 112 to peer 0x60e080031e00 (12 bytes)
1789716900.002640 sending message 112 to peer 0x60e080031e00 (12 bytes)
1789716900.002643 sending message 112 to peer 0x60e080031e00 (12 bytes)
1789716900.002644 sending message 112 to peer 0x60e080031e00 (12 bytes)
1789716900.002647 sending message 112 to peer 0x60e080031e00 (21 bytes)
1789716900.002649 sending message 112 to peer 0x60e080031e00 (12 bytes)
1789716900.002650 sending message 112 to peer 0x60e080031e00 (9 bytes)
1789716900.002653 sending message 112 to peer 0x60e080031e00 (6 bytes)
1789716900.002655 sending message 112 to peer 0x60e080031e00 (13 bytes)
1789716900.002657 sending message 112 to peer 0x60e080031e00 (10 bytes)
1789716900.002659 sending message 112 to peer 0x60e080031e00 (24 bytes)
1789716900.002661 sending message 112 to peer 0x60e080031e00 (13 bytes)
1789716900.002663 sending message 112 to peer 0x60e080031e00 (9 bytes)
1789716900.002665 sending message 112 to peer 0x60e080031e00 (70 bytes)
1789716900.002667 sending message 112 to peer 0x60e080031e00 (69 bytes)
1789716900.002669 sending message 112 to peer 0x60e080031e00 (12 bytes)
1789716900.002671 sending message 112 to peer 0x60e080031e00 (10 bytes)
1789716900.002674 sending message 112 to peer 0x60e080031e00 (10 bytes)
1789716900.002676 sending message 112 to peer 0x60e080031e00 (24 bytes)
1789716900.002678 sending message 112 to peer 0x60e080031e00 (13 bytes)
1789716900.002680 sending message 112 to peer 0x60e080031e00 (10 bytes)
1789716900.002682 sending message 112 to peer 0x60e080031e00 (10 bytes)
1789716900.002684 sending message 112 to peer 0x60e080031e00 (10 bytes)
1789716900.002686 sending message 112 to peer 0x60e080031e00 (13 bytes)
1789716900.002688 sending message 112 to peer 0x60e080031e00 (15 bytes)
1789716900.002690 sending message 112 to peer 0x60e080031e00 (5 bytes)
1789716900.002692 sending message 104 to peer 0x60e080031e00 (0 bytes)
1789716900.002694 sending message 110 to peer 0x60e080031e00 (0 bytes)
1789716900.002697 sending message 107 to peer 0x60e080031e00 (4 bytes)
1789716900.002699 sending message 105 to peer 0x60e080031e00 (14 bytes)
1789716900.002701 sending message 105 to peer 0x60e080031e00 (20 bytes)
1789716900.002703 sending message 105 to peer 0x60e080031e00 (29 bytes)
1789716900.002706 sending message 105 to peer 0x60e080031e00 (53 bytes)
1789716900.002708 sending message 105 to peer 0x60e080031e00 (45 bytes)
1789716900.002710 sending message 105 to peer 0x60e080031e00 (7 bytes)
1789716900.002712 sending message 105 to peer 0x60e080031e00 (26 bytes)
1789716900.002714 sending message 105 to peer 0x60e080031e00 (16 bytes)
1789716900.002716 sending message 105 to peer 0x60e080031e00 (21 bytes)
1789716900.002722 sending message 105 to peer 0x60e080031e00 (51 bytes)
1789716900.002725 sending message 105 to peer 0x60e080031e00 (125 bytes)
1789716900.002728 sending message 105 to peer 0x60e080031e00 (19 bytes)
1789716900.002730 sending message 105 to peer 0x60e080031e00 (17 bytes)
1789716900.002732 sending message 105 to peer 0x60e080031e00 (1817 bytes)
1789716900.002740 sending message 105 to peer 0x60e080031e00 (30 bytes)
1789716900.002743 sending message 105 to peer 0x60e080031e00 (33 bytes)
1789716900.002745 sending message 105 to peer 0x60e080031e00 (139 bytes)
1789716900.002747 sending message 105 to peer 0x60e080031e00 (51 bytes)
1789716900.002749 sending message 105 to peer 0x60e080031e00 (31 bytes)
1789716900.002751 sending message 105 to peer 0x60e080031e00 (35 bytes)
1789716900.002754 sending message 105 to peer 0x60e080031e00 (46 bytes)
1789716900.002755 sending message 105 to peer 0x60e080031e00 (34 bytes)
1789716900.002757 sending message 105 to peer 0x60e080031e00 (37 bytes)
1789716900.002759 sending message 105 to peer 0x60e080031e00 (23 bytes)
1789716900.002761 sending message 105 to peer 0x60e080031e00 (20 bytes)
1789716900.002763 sending message 105 to peer 0x60e080031e00 (11 bytes)
1789716900.002765 sending message 105 to peer 0x60e080031e00 (32 bytes)
1789716900.002768 sending message 105 to peer 0x60e080031e00 (13 bytes)
1789716900.002770 sending message 105 to peer 0x60e080031e00 (64 bytes)
1789716900.002772 sending message 105 to peer 0x60e080031e00 (14 bytes)
1789716900.002774 sending message 105 to peer 0x60e080031e00 (8 bytes)
1789716900.002775 sending message 105 to peer 0x60e080031e00 (20 bytes)
1789716900.002777 sending message 105 to peer 0x60e080031e00 (53 bytes)
1789716900.002779 sending message 105 to peer 0x60e080031e00 (31 bytes)
1789716900.002781 sending message 105 to peer 0x60e080031e00 (34 bytes)
1789716900.002783 sending message 105 to peer 0x60e080031e00 (26 bytes)
1789716900.002785 sending message 105 to peer 0x60e080031e00 (156 bytes)
1789716900.002787 sending message 105 to peer 0x60e080031e00 (65 bytes)
1789716900.002790 sending message 105 to peer 0x60e080031e00 (127 bytes)
1789716900.002792 sending message 105 to peer 0x60e080031e00 (461 bytes)
1789716900.002794 sending message 105 to peer 0x60e080031e00 (54 bytes)
1789716900.002796 sending message 105 to peer 0x60e080031e00 (40 bytes)
1789716900.002798 sending message 105 to peer 0x60e080031e00 (20 bytes)
1789716900.002800 sending message 105 to peer 0x60e080031e00 (88 bytes)
1789716900.002802 sending message 105 to peer 0x60e080031e00 (16 bytes)
1789716900.002804 sending message 106 to peer 0x60e080031e00 (0 bytes)
1789716900.002831 sending message 200 to peer 0x60e080031e00 (4 bytes)
1789716900.002834 client loop enter
1789716900.002842 client_signal: Child exited
1789716900.040721 peer 0x60e080031e00 message 207
1789716900.040730 sending message 208 to peer 0x60e080031e00 (0 bytes)
1789716919.103086 client_signal: Window changed
1789716919.103148 sending message 208 to peer 0x60e080031e00 (0 bytes)
1789716959.182926 client_signal: Hangup
1789716959.182990 sending message 205 to peer 0x60e080031e00 (0 bytes)
1789716959.184733 peer 0x60e080031e00 message 204
1789716959.184783 client loop exit
